8
17711
223
128
100
105
a b c d e
1
2
-0.23
1 2 3 4 0 hello
2 3 4 5 0 hello
